../Core/Src/main.c:89:6:MPU6050_Init	32	static
../Core/Src/main.c:109:6:MPU6050_Read_Accel	24	static
../Core/Src/main.c:128:6:MPU6050_Read_Gyro	32	static
../Core/Src/main.c:155:5:main	32	static
../Core/Src/main.c:220:6:SystemClock_Config	72	static
../Core/Src/main.c:259:13:MX_I2C1_Init	8	static
../Core/Src/main.c:293:13:MX_I2C2_Init	8	static
../Core/Src/main.c:327:13:MX_USART2_UART_Init	8	static
../Core/Src/main.c:360:13:MX_GPIO_Init	40	static
../Core/Src/main.c:400:6:Error_Handler	4	static,ignoring_inline_asm
